// Jest Snapshot v1, https://goo.gl/fbAQLP

exports[`Watching renders correctly 1`] = `
<li>
  <strong>
    Watching
    : 
  </strong>
  Star Wars: The Clone Wars
</li>
`;
