// Jest Snapshot v1, https://goo.gl/fbAQLP

exports[`About renders correctly 1`] = `
<div>
  <h1>
    About
  </h1>
  <p
    dangerouslySetInnerHTML={
      Object {
        "__html": "my-text",
      }
    }
  />
</div>
`;
