// Jest Snapshot v1, https://goo.gl/fbAQLP

exports[`ActivityBase renders correctly 1`] = `
<li>
  <strong>
    my-label
    : 
  </strong>
  my-content
</li>
`;
