// Jest Snapshot v1, https://goo.gl/fbAQLP

exports[`Footer renders correctly 1`] = `
<footer
  className="sc-bdVaJa cpSThT"
>
  <div
    className="sc-bwzfXH fQkwPc"
  >
    <div
      className="sc-htpNat hHtpcc"
    >
      <div
        id="coffee-button-span"
      >
        <a
          href="https://www.buymeacoffee.com/KyleJones"
        >
          <img
            alt="Coffee cup image"
            height="60"
            src="https://img.buymeacoffee.com/button-api/?text=Buy a Coffee&emoji=â˜•&slug=KyleJones&button_colour=25313b&font_colour=ffffff&font_family=Poppins&outline_colour=ffffff&coffee_colour=FFDD00"
            width="192"
          />
        </a>
      </div>
    </div>
  </div>
</footer>
`;
