// Jest Snapshot v1, https://goo.gl/fbAQLP

exports[`Hero renders correctly 1`] = `
<div
  className="sc-bdVaJa gjdwiW sc-bxivhb cCNszn"
>
  <div
    className="sc-htpNat brSZyA"
  >
    <h1
      className="sc-bwzfXH fUSFxt"
    >
      my-title
    </h1>
  </div>
</div>
`;
