// Jest Snapshot v1, https://goo.gl/fbAQLP

exports[`Tag renders correctly 1`] = `
<button
  className="sc-bdVaJa jXfaos my-tag"
  id="my-tag-text"
>
  my-tag-text
</button>
`;
